// Jest Snapshot v1, https://goo.gl/fbAQLP

exports[`User Icon renders without crashing and matches snapshot 1`] = `
<div
  className="user-icon"
  onClick={[Function]}
  onKeyPress={[Function]}
  role="button"
  tabIndex={0}
>
  <i
    className="p-icon--user"
  >
    Account icon
  </i>
  <div
    className="p-contextual-menu__dropdown"
  >
    <span
      className="p-contextual-menu__group"
    >
      <a
        className="p-contextual-menu__link p-link--external"
        href="https://jaas.ai/docs"
      >
        Docs
      </a>
      <Link
        className="p-contextual-menu__link"
        onClick={[Function]}
        to="/"
      >
        <LinkAnchor
          className="p-contextual-menu__link"
          href="/"
          navigate={[Function]}
          onClick={[Function]}
        >
          <a
            className="p-contextual-menu__link"
            href="/"
            onClick={[Function]}
          >
            Log out
          </a>
        </LinkAnchor>
      </Link>
    </span>
  </div>
</div>
`;
