// Jest Snapshot v1, https://goo.gl/fbAQLP

exports[`Primary Nav renders without crashing and matches snapshot 1`] = `
<nav
  className="p-primary-nav"
>
  <div
    className="p-primary-nav__header"
  >
    <Link
      className="p-primary-nav__logo"
      to="/"
    >
      <LinkAnchor
        className="p-primary-nav__logo"
        href="/"
        navigate={[Function]}
      >
        <a
          className="p-primary-nav__logo"
          href="/"
          onClick={[Function]}
        >
          <img
            alt="JAAS logo"
            className="p-primary-nav__logo-icon"
            height="30"
            src="logo-mark.svg"
            width="30"
          />
          <img
            alt=""
            className="p-primary-nav__logo-text"
            height="30"
            src="logo-text.svg"
          />
        </a>
      </LinkAnchor>
    </Link>
    <button
      className="p-primary-nav__toggle"
      onClick={[Function]}
    >
      <i
        className="p-icon--contextual-menu"
      >
        Toggle external navigation
      </i>
    </button>
  </div>
  <ul
    className="p-list is-external"
  >
    <li
      className="p-list__item"
    >
      <a
        className="p-list__link"
        href="https://jaas.ai/store"
        rel="noopener noreferrer"
        target="_blank"
      >
        Store
      </a>
    </li>
    <li
      className="p-list__item"
    >
      <a
        className="p-list__link"
        href="https://jaas.ai/about"
        rel="noopener noreferrer"
        target="_blank"
      >
        About
      </a>
    </li>
    <li
      className="p-list__item"
    >
      <a
        className="p-list__link"
        href="https://jaas.ai/how-it-works"
        rel="noopener noreferrer"
        target="_blank"
      >
        How it works
      </a>
    </li>
    <li
      className="p-list__item"
    >
      <a
        className="p-link--external p-list__link"
        href="https://discourse.jujucharms.com/"
        rel="noopener noreferrer"
        target="_blank"
      >
        Discourse
      </a>
    </li>
    <li
      className="p-list__item"
    >
      <a
        className="p-link--external p-list__link"
        href="https://jaas.ai/docs/"
        rel="noopener noreferrer"
        target="_blank"
      >
        Docs
      </a>
    </li>
  </ul>
  <ul
    className="p-list is-internal"
  >
    <li
      className="p-list__item"
      key="/models"
    >
      <NavLink
        activeClassName="is-selected"
        className="p-list__link"
        isActive={[Function]}
        to="/models"
      >
        <Link
          aria-current={null}
          className="p-list__link"
          to={
            Object {
              "hash": "",
              "pathname": "/models",
              "search": "",
              "state": null,
            }
          }
        >
          <LinkAnchor
            aria-current={null}
            className="p-list__link"
            href="/models"
            navigate={[Function]}
          >
            <a
              aria-current={null}
              className="p-list__link"
              href="/models"
              onClick={[Function]}
            >
              <img
                alt="Models icon"
                className="p-list__icon"
                src="models-icon.svg"
              />
              Models
              <span
                className="entity-count"
              >
                2
              </span>
            </a>
          </LinkAnchor>
        </Link>
      </NavLink>
    </li>
    <li
      className="p-list__item"
      key="/controllers"
    >
      <NavLink
        activeClassName="is-selected"
        className="p-list__link"
        isActive={[Function]}
        to="/controllers"
      >
        <Link
          aria-current={null}
          className="p-list__link"
          to={
            Object {
              "hash": "",
              "pathname": "/controllers",
              "search": "",
              "state": null,
            }
          }
        >
          <LinkAnchor
            aria-current={null}
            className="p-list__link"
            href="/controllers"
            navigate={[Function]}
          >
            <a
              aria-current={null}
              className="p-list__link"
              href="/controllers"
              onClick={[Function]}
            >
              <img
                alt="Controllers icon"
                className="p-list__icon"
                src="controllers-icon.svg"
              />
              Controllers
            </a>
          </LinkAnchor>
        </Link>
      </NavLink>
    </li>
    <li
      className="p-list__item"
      key="/usage"
    >
      <NavLink
        activeClassName="is-selected"
        className="p-list__link"
        isActive={[Function]}
        to="/usage"
      >
        <Link
          aria-current={null}
          className="p-list__link"
          to={
            Object {
              "hash": "",
              "pathname": "/usage",
              "search": "",
              "state": null,
            }
          }
        >
          <LinkAnchor
            aria-current={null}
            className="p-list__link"
            href="/usage"
            navigate={[Function]}
          >
            <a
              aria-current={null}
              className="p-list__link"
              href="/usage"
              onClick={[Function]}
            >
              <img
                alt="Usage icon"
                className="p-list__icon"
                src="usage-icon.svg"
              />
              Usage
            </a>
          </LinkAnchor>
        </Link>
      </NavLink>
    </li>
    <li
      className="p-list__item"
      key="/logs"
    >
      <NavLink
        activeClassName="is-selected"
        className="p-list__link"
        isActive={[Function]}
        to="/logs"
      >
        <Link
          aria-current={null}
          className="p-list__link"
          to={
            Object {
              "hash": "",
              "pathname": "/logs",
              "search": "",
              "state": null,
            }
          }
        >
          <LinkAnchor
            aria-current={null}
            className="p-list__link"
            href="/logs"
            navigate={[Function]}
          >
            <a
              aria-current={null}
              className="p-list__link"
              href="/logs"
              onClick={[Function]}
            >
              <img
                alt="Logs icon"
                className="p-list__icon"
                src="logs-icon.svg"
              />
              Logs
            </a>
          </LinkAnchor>
        </Link>
      </NavLink>
    </li>
  </ul>
  <div
    className="p-primary-nav__bottom"
  >
    <ul
      className="p-list"
    >
      <li
        className="p-list__item"
      >
        <a
          className="p-list__link"
          href="https://github.com/canonical-web-and-design/jaas-dashboard/issues/new"
          rel="noopener noreferrer"
          target="_blank"
        >
          <img
            alt="bug icon"
            className="p-list__icon"
            src="bug-icon.svg"
          />
          Report a bug
        </a>
      </li>
    </ul>
  </div>
</nav>
`;
