// Jest Snapshot v1, https://goo.gl/fbAQLP

exports[`Layout renders without crashing and matches snapshot 1`] = `
<Fragment>
  <PrimaryNav />
  <div
    className="l-container--sidebar"
  >
    <div
      className="l-side"
    >
      <SecondaryNav />
    </div>
    <div
      className="l-main"
    >
      <ErrorBoundary>
        <main
          className="main-content"
          id="main-content"
        />
      </ErrorBoundary>
    </div>
  </div>
</Fragment>
`;
