// Jest Snapshot v1, https://goo.gl/fbAQLP

exports[`User Icon renders without crashing and matches snapshot 1`] = `
<div
  className="user-menu"
>
  <div
    className="user-menu__header"
    onClick={[Function]}
  >
    <i
      className="p-icon--user"
    />
    <span
      className="user-menu__name"
    >
      Account
    </span>
    <i
      className="p-icon--contextual-menu"
    />
  </div>
  <ul
    className="user-menu__options"
  >
    <li>
      <Link
        className="user-menu__link"
        to="/settings"
      >
        <LinkAnchor
          className="user-menu__link"
          href="/settings"
          navigate={[Function]}
        >
          <a
            className="user-menu__link"
            href="/settings"
            onClick={[Function]}
          >
            Settings
          </a>
        </LinkAnchor>
      </Link>
    </li>
    <li>
      <Link
        className="user-menu__link"
        onClick={[Function]}
        to="/"
      >
        <LinkAnchor
          className="user-menu__link"
          href="/"
          navigate={[Function]}
          onClick={[Function]}
        >
          <a
            className="user-menu__link"
            href="/"
            onClick={[Function]}
          >
            Log out
          </a>
        </LinkAnchor>
      </Link>
    </li>
  </ul>
</div>
`;
