// Jest Snapshot v1, https://goo.gl/fbAQLP

exports[`App renders without crashing and matches snapshot 1`] = `
<BrowserRouter
  basename="/"
>
  <ErrorBoundary>
    <Switch>
      <LogIn>
        <Routes />
      </LogIn>
      <Route
        component={[Function]}
      />
    </Switch>
  </ErrorBoundary>
</BrowserRouter>
`;
