// Jest Snapshot v1, https://goo.gl/fbAQLP

exports[`Models page renders without crashing and matches snapshot 1`] = `
<div
  className="p-strip"
>
  <div
    className="row"
  >
    <TableList />
  </div>
</div>
`;
